I'm sorry, but errors were detected in your script. Please correct the
errors listed below, and try again.


File "game/script.rpy", line 19: expected 'comma or end of line' not found.
    hide image splashscreen2
    ^

Ren'Py Version: Ren'Py 8.1.1.23060707
Sun Aug  6 02:45:50 2023
